Loading python/3.11.7
  Loading requirement: bzip2/1.0.8-ib3znej libmd/1.0.4-2km2lxx
    libbsd/0.12.1-oocs6an expat/2.6.2-p2t4wry ncurses/6.5-svfl57u
    readline/8.2-zeda6mx gdbm/1.23-wiol7vk libiconv/1.17-nhc3mhm
    xz/5.4.6-xxxg42c zlib-ng/2.1.6-jkgunjc libxml2/2.10.3-zbbe7lm
    pigz/2.8-5bwzpml zstd/1.5.6-uq5yyux tar/1.34-jgektnv gettext/0.22.5-hsxgafg
    libffi/3.4.6-4vs4jpp libxcrypt/4.4.35-7om46b5 sqlite/3.43.2-4kl5mnp
    util-linux-uuid/2.38.1-5achpds
/leonardo/home/userexternal/gdaddari/Computer-Vision/cineca/codes/baseline.py:162: FutureWarning: `torch.cuda.amp.GradScaler(args...)` is deprecated. Please use `torch.amp.GradScaler('cuda', args...)` instead.
  scaler = GradScaler()

[Detection] Epoch 1/3: 100%|██████████| 625/625 [03:59<00:00,  2.61it/s]
[Detection] Epoch 2/3: 100%|██████████| 625/625 [02:38<00:00,  3.95it/s]
[Detection] Epoch 3/3: 100%|██████████| 625/625 [02:35<00:00,  4.02it/s]

/leonardo_scratch/large/userexternal/gdaddari/ComputerVision/lib/python3.11/site-packages/torchvision/models/_utils.py:208: UserWarning: The parameter 'pretrained' is deprecated since 0.13 and may be removed in the future, please use 'weights' instead.
  warnings.warn(
/leonardo_scratch/large/userexternal/gdaddari/ComputerVision/lib/python3.11/site-packages/torchvision/models/_utils.py:223: UserWarning: Arguments other than a weight enum or `None` for 'weights' are deprecated since 0.13 and may be removed in the future. The current behavior is equivalent to passing `weights=ResNet34_Weights.IMAGENET1K_V1`. You can also use `weights=ResNet34_Weights.DEFAULT` to get the most up-to-date weights.
  warnings.warn(msg)
/leonardo/home/userexternal/gdaddari/Computer-Vision/cineca/codes/baseline.py:195: FutureWarning: `torch.cuda.amp.GradScaler(args...)` is deprecated. Please use `torch.amp.GradScaler('cuda', args...)` instead.
  scaler = GradScaler()


[Recognition] Epoch 1/3: 100%|██████████| 625/625 [01:43<00:00,  6.03it/s]
[Recognition] Epoch 2/3: 100%|██████████| 625/625 [01:35<00:00,  6.53it/s]
[Recognition] Epoch 3/3: 100%|██████████| 625/625 [01:35<00:00,  6.57it/s]

Testing total pipeline: 100%|██████████| 81/81 [04:10<00:00,  3.09s/it]
Testing total pipeline: 100%|██████████| 196/196 [11:01<00:00,  3.38s/it]
Testing total pipeline: 100%|██████████| 40/40 [01:49<00:00,  2.75s/it]
Testing total pipeline: 100%|██████████| 82/82 [03:58<00:00,  2.90s/it]
Testing total pipeline: 100%|██████████| 40/40 [02:33<00:00,  3.83s/it]
Testing total pipeline: 100%|██████████| 119/119 [07:09<00:00,  3.61s/it]
Testing total pipeline: 100%|██████████| 40/40 [02:38<00:00,  3.96s/it]
